PDB非天然氨基酸分析报告
==================================================

文件: test_protein.pdb
分析时间: 0.00秒
总残基数: 3
识别残基数: 3
识别率: 100.0%

系统能力:
  ✅ Exact Matching
  ✅ Molecular Formula Verification
  ✅ Atom Composition Verification
  ❌ Fingerprint Similarity
  ✅ 3D Structure Matching
  ✅ Parallel Processing

识别结果:
------------------------------
1. A:ALA1
   氨基酸: 丙氨酸
   置信度: 1.000
   匹配方法: residue_name_exact
   通过验证: 1/1

     ✅ molecular_formula: 1.000

2. A:GLY2
   氨基酸: 甘氨酸
   置信度: 1.000
   匹配方法: residue_name_exact
   通过验证: 1/1

     ✅ molecular_formula: 1.000

3. A:VAL3
   氨基酸: 缬氨酸
   置信度: 1.000
   匹配方法: residue_name_exact
   通过验证: 1/1

     ✅ molecular_formula: 1.000
